// Jest Snapshot v1, https://goo.gl/fbAQLP

exports[`it renders 1`] = `
<div
  className="sc-bdVaJa bkgjlC"
>
  <a
    className="sc-bwzfXH fhnlUk"
    href="/"
  >
    Prattle
  </a>
</div>
`;
