// Jest Snapshot v1, https://goo.gl/fbAQLP

exports[`it renders 1`] = `
<div
  className="sc-bdVaJa hciYRu"
>
  <div
    className="sc-bwzfXH dXqCMg"
  >
     is typing!
  </div>
</div>
`;
